#! /c/Source/iverilog-install/bin/vvp
:ivl_version "12.0 (devel)" "(s20150603-1539-g2693dd32b)";
:ivl_delay_selection "TYPICAL";
:vpi_time_precision + 0;
:vpi_module "C:\iverilog\lib\ivl\system.vpi";
:vpi_module "C:\iverilog\lib\ivl\vhdl_sys.vpi";
:vpi_module "C:\iverilog\lib\ivl\vhdl_textio.vpi";
:vpi_module "C:\iverilog\lib\ivl\v2005_math.vpi";
:vpi_module "C:\iverilog\lib\ivl\va_math.vpi";
S_000002c37b146ef0 .scope module, "Single_Cycle_Top_Tb" "Single_Cycle_Top_Tb" 2 1;
 .timescale 0 0;
v000002c37b21eca0_0 .var "clk", 0 0;
v000002c37b21ef20_0 .var "rst", 0 0;
S_000002c37b0b2490 .scope module, "Single_Cycle_Top" "Single_Cycle_Top" 2 4, 3 1 0, S_000002c37b146ef0;
 .timescale 0 0;
    .port_info 0 /INPUT 1 "clk";
    .port_info 1 /INPUT 1 "rst";
v000002c37b21b9f0_0 .net "ALUControl_Top", 2 0, L_000002c37b27e680;  1 drivers
v000002c37b21ec00_0 .net "ALUResult", 31 0, L_000002c37b21fc40;  1 drivers
v000002c37b21e3e0_0 .net "ALUSrc", 0 0, L_000002c37b220960;  1 drivers
v000002c37b21f100_0 .net "ImmSrc", 1 0, L_000002c37b2201e0;  1 drivers
v000002c37b21d940_0 .net "Imm_Ext_Top", 31 0, L_000002c37b21e480;  1 drivers
v000002c37b21e200_0 .net "MemWrite", 0 0, L_000002c37b220780;  1 drivers
v000002c37b21eb60_0 .net "PCPlus4", 31 0, L_000002c37b21d120;  1 drivers
v000002c37b21e520_0 .net "PC_Top", 31 0, v000002c37b219940_0;  1 drivers
v000002c37b21d9e0_0 .net "RD1_Top", 31 0, L_000002c37b21da80;  1 drivers
v000002c37b21f6a0_0 .net "RD2_Top", 31 0, L_000002c37b21f4c0;  1 drivers
v000002c37b21d620_0 .net "RD_Instr", 31 0, L_000002c37b21e340;  1 drivers
v000002c37b21d6c0_0 .net "ReadData", 31 0, L_000002c37b27fbc0;  1 drivers
v000002c37b21f380_0 .net "RegWrite", 0 0, L_000002c37b220000;  1 drivers
v000002c37b21efc0_0 .net "Result", 31 0, L_000002c37b27f580;  1 drivers
v000002c37b21dc60_0 .net "ResultSrc", 0 0, L_000002c37b220aa0;  1 drivers
v000002c37b21db20_0 .net "SrcB", 31 0, L_000002c37b21e160;  1 drivers
v000002c37b21d4e0_0 .net "clk", 0 0, v000002c37b21eca0_0;  1 drivers
v000002c37b21d760_0 .net "rst", 0 0, v000002c37b21ef20_0;  1 drivers
L_000002c37b21f740 .part L_000002c37b21e340, 15, 5;
L_000002c37b21e020 .part L_000002c37b21e340, 20, 5;
L_000002c37b21ed40 .part L_000002c37b21e340, 7, 5;
L_000002c37b27fc60 .part L_000002c37b21e340, 0, 7;
L_000002c37b27f300 .part L_000002c37b21e340, 12, 3;
L_000002c37b2808e0 .part L_000002c37b21e340, 25, 7;
S_000002c37b0b2620 .scope module, "ALU" "ALU" 3 45, 4 1 0, S_000002c37b0b2490;
 .timescale 0 0;
    .port_info 0 /INPUT 32 "A";
    .port_info 1 /INPUT 32 "B";
    .port_info 2 /OUTPUT 32 "Result";
    .port_info 3 /INPUT 3 "ALUControl";
    .port_info 4 /OUTPUT 1 "OverFlow";
    .port_info 5 /OUTPUT 1 "Carry";
    .port_info 6 /OUTPUT 1 "Zero";
    .port_info 7 /OUTPUT 1 "Negative";
L_000002c37b2213f0 .functor BUFT 1, C4<0>, C4<0>, C4<0>, C4<0>;
L_000002c37b279f40 .functor XNOR 1, L_000002c37b21e700, L_000002c37b2213f0, C4<0>, C4<0>;
L_000002c37b279680 .functor NOT 33, L_000002c37b21e8e0, C4<000000000000000000000000000000000>, C4<000000000000000000000000000000000>, C4<000000000000000000000000000000000>;
L_000002c37b279b50 .functor AND 32, L_000002c37b21da80, L_000002c37b21e160, C4<11111111111111111111111111111111>, C4<11111111111111111111111111111111>;
L_000002c37b27a020 .functor OR 32, L_000002c37b21da80, L_000002c37b21e160, C4<00000000000000000000000000000000>, C4<00000000000000000000000000000000>;
L_000002c37b279290 .functor XOR 1, L_000002c37b220f00, L_000002c37b21ff60, C4<0>, C4<0>;
L_000002c37b279c30 .functor XOR 1, L_000002c37b220b40, L_000002c37b220500, C4<0>, C4<0>;
L_000002c37b2795a0 .functor XOR 1, L_000002c37b279c30, L_000002c37b220e60, C4<0>, C4<0>;
L_000002c37b279ed0 .functor NOT 1, L_000002c37b2795a0, C4<0>, C4<0>, C4<0>;
L_000002c37b279bc0 .functor AND 1, L_000002c37b279290, L_000002c37b279ed0, C4<1>, C4<1>;
L_000002c37b279fb0 .functor NOT 1, L_000002c37b220fa0, C4<0>, C4<0>, C4<0>;
L_000002c37b279610 .functor AND 1, L_000002c37b279bc0, L_000002c37b279fb0, C4<1>, C4<1>;
L_000002c37b279300 .functor NOT 1, L_000002c37b21fe20, C4<0>, C4<0>, C4<0>;
L_000002c37b279370 .functor AND 1, L_000002c37b279300, L_000002c37b21e660, C4<1>, C4<1>;
L_000002c37b279990 .functor NOT 32, L_000002c37b21fc40, C4<00000000000000000000000000000000>, C4<00000000000000000000000000000000>, C4<00000000000000000000000000000000>;
v000002c37b140f00_0 .net "A", 31 0, L_000002c37b21da80;  alias, 1 drivers
v000002c37b1421c0_0 .net "ALUControl", 2 0, L_000002c37b27e680;  alias, 1 drivers
v000002c37b140fa0_0 .net "B", 31 0, L_000002c37b21e160;  alias, 1 drivers
v000002c37b141400_0 .net "Carry", 0 0, L_000002c37b279370;  1 drivers
v000002c37b141ea0_0 .net "Cout", 0 0, L_000002c37b21e660;  1 drivers
v000002c37b141040_0 .net "Negative", 0 0, L_000002c37b21f9c0;  1 drivers
v000002c37b141f40_0 .net "OverFlow", 0 0, L_000002c37b279610;  1 drivers
v000002c37b141180_0 .net "Result", 31 0, L_000002c37b21fc40;  alias, 1 drivers
v000002c37b141fe0_0 .net "Sum", 31 0, L_000002c37b21d260;  1 drivers
v000002c37b1412c0_0 .net "Zero", 0 0, L_000002c37b220a00;  1 drivers
v000002c37b141360_0 .net *"_ivl_100", 0 0, L_000002c37b220fa0;  1 drivers
v000002c37b1414a0_0 .net *"_ivl_101", 0 0, L_000002c37b279fb0;  1 drivers
v000002c37b142260_0 .net *"_ivl_106", 0 0, L_000002c37b21fe20;  1 drivers
v000002c37b141540_0 .net *"_ivl_107", 0 0, L_000002c37b279300;  1 drivers
v000002c37b1415e0_0 .net *"_ivl_111", 31 0, L_000002c37b279990;  1 drivers
L_000002c37b221438 .functor BUFT 1, C4<0>, C4<0>, C4<0>, C4<0>;
v000002c37b142300_0 .net *"_ivl_12", 0 0, L_000002c37b221438;  1 drivers
v000002c37b141860_0 .net *"_ivl_13", 32 0, L_000002c37b21e7a0;  1 drivers
L_000002c37b221480 .functor BUFT 1, C4<0>, C4<0>, C4<0>, C4<0>;
v000002c37b111cf0_0 .net *"_ivl_16", 0 0, L_000002c37b221480;  1 drivers
v000002c37b1983e0_0 .net *"_ivl_17", 32 0, L_000002c37b21d3a0;  1 drivers
v000002c37b197da0_0 .net *"_ivl_19", 32 0, L_000002c37b21e840;  1 drivers
L_000002c37b2214c8 .functor BUFT 1, C4<0>, C4<0>, C4<0>, C4<0>;
v000002c37b1974e0_0 .net *"_ivl_22", 0 0, L_000002c37b2214c8;  1 drivers
v000002c37b197f80_0 .net *"_ivl_23", 32 0, L_000002c37b21e8e0;  1 drivers
L_000002c37b221510 .functor BUFT 1, C4<0>, C4<0>, C4<0>, C4<0>;
v000002c37b197c60_0 .net *"_ivl_26", 0 0, L_000002c37b221510;  1 drivers
v000002c37b198480_0 .net *"_ivl_27", 32 0, L_000002c37b279680;  1 drivers
L_000002c37b221558 .functor BUFT 1, C4<000000000000000000000000000000001>, C4<0>, C4<0>, C4<0>;
v000002c37b197bc0_0 .net/2u *"_ivl_29", 32 0, L_000002c37b221558;  1 drivers
v000002c37b198de0_0 .net *"_ivl_31", 32 0, L_000002c37b21d440;  1 drivers
v000002c37b1987a0_0 .net *"_ivl_33", 32 0, L_000002c37b21e980;  1 drivers
v000002c37b197d00_0 .net *"_ivl_35", 32 0, L_000002c37b220be0;  1 drivers
L_000002c37b2215a0 .functor BUFT 1, C4<000>, C4<0>, C4<0>, C4<0>;
v000002c37b198020_0 .net/2u *"_ivl_37", 2 0, L_000002c37b2215a0;  1 drivers
v000002c37b199240_0 .net *"_ivl_39", 0 0, L_000002c37b21f920;  1 drivers
v000002c37b197e40_0 .net *"_ivl_4", 0 0, L_000002c37b21e700;  1 drivers
L_000002c37b2215e8 .functor BUFT 1, C4<001>, C4<0>, C4<0>, C4<0>;
v000002c37b197940_0 .net/2u *"_ivl_41", 2 0, L_000002c37b2215e8;  1 drivers
v000002c37b198ca0_0 .net *"_ivl_43", 0 0, L_000002c37b2208c0;  1 drivers
L_000002c37b221630 .functor BUFT 1, C4<010>, C4<0>, C4<0>, C4<0>;
v000002c37b198520_0 .net/2u *"_ivl_45", 2 0, L_000002c37b221630;  1 drivers
v000002c37b1980c0_0 .net *"_ivl_47", 0 0, L_000002c37b220280;  1 drivers
v000002c37b197a80_0 .net *"_ivl_49", 31 0, L_000002c37b279b50;  1 drivers
v000002c37b197580_0 .net/2u *"_ivl_5", 0 0, L_000002c37b2213f0;  1 drivers
L_000002c37b221678 .functor BUFT 1, C4<011>, C4<0>, C4<0>, C4<0>;
v000002c37b198f20_0 .net/2u *"_ivl_51", 2 0, L_000002c37b221678;  1 drivers
v000002c37b198fc0_0 .net *"_ivl_53", 0 0, L_000002c37b220dc0;  1 drivers
v000002c37b197ee0_0 .net *"_ivl_55", 31 0, L_000002c37b27a020;  1 drivers
L_000002c37b2216c0 .functor BUFT 1, C4<101>, C4<0>, C4<0>, C4<0>;
v000002c37b198160_0 .net/2u *"_ivl_57", 2 0, L_000002c37b2216c0;  1 drivers
v000002c37b1985c0_0 .net *"_ivl_59", 0 0, L_000002c37b220c80;  1 drivers
L_000002c37b221708 .functor BUFT 1, C4<0000000000000000000000000000000>, C4<0>, C4<0>, C4<0>;
v000002c37b198840_0 .net/2u *"_ivl_61", 30 0, L_000002c37b221708;  1 drivers
v000002c37b198200_0 .net *"_ivl_64", 0 0, L_000002c37b220140;  1 drivers
v000002c37b1982a0_0 .net *"_ivl_65", 31 0, L_000002c37b21fb00;  1 drivers
L_000002c37b221750 .functor BUFT 1, C4<00000000000000000000000000000000>, C4<0>, C4<0>, C4<0>;
v000002c37b1976c0_0 .net/2u *"_ivl_67", 31 0, L_000002c37b221750;  1 drivers
v000002c37b1988e0_0 .net *"_ivl_69", 31 0, L_000002c37b21fba0;  1 drivers
v000002c37b1979e0_0 .net *"_ivl_7", 0 0, L_000002c37b279f40;  1 drivers
v000002c37b199060_0 .net *"_ivl_71", 31 0, L_000002c37b21fd80;  1 drivers
v000002c37b198340_0 .net *"_ivl_73", 31 0, L_000002c37b220d20;  1 drivers
v000002c37b198700_0 .net *"_ivl_75", 31 0, L_000002c37b21fce0;  1 drivers
v000002c37b197b20_0 .net *"_ivl_80", 0 0, L_000002c37b220f00;  1 drivers
v000002c37b198d40_0 .net *"_ivl_82", 0 0, L_000002c37b21ff60;  1 drivers
v000002c37b197760_0 .net *"_ivl_83", 0 0, L_000002c37b279290;  1 drivers
v000002c37b198b60_0 .net *"_ivl_86", 0 0, L_000002c37b220b40;  1 drivers
v000002c37b198660_0 .net *"_ivl_88", 0 0, L_000002c37b220500;  1 drivers
v000002c37b197800_0 .net *"_ivl_89", 0 0, L_000002c37b279c30;  1 drivers
v000002c37b199100_0 .net *"_ivl_9", 32 0, L_000002c37b21d300;  1 drivers
v000002c37b198980_0 .net *"_ivl_92", 0 0, L_000002c37b220e60;  1 drivers
v000002c37b198a20_0 .net *"_ivl_93", 0 0, L_000002c37b2795a0;  1 drivers
v000002c37b198e80_0 .net *"_ivl_95", 0 0, L_000002c37b279ed0;  1 drivers
v000002c37b198ac0_0 .net *"_ivl_97", 0 0, L_000002c37b279bc0;  1 drivers
L_000002c37b21e660 .part L_000002c37b220be0, 32, 1;
L_000002c37b21d260 .part L_000002c37b220be0, 0, 32;
L_000002c37b21e700 .part L_000002c37b27e680, 0, 1;
L_000002c37b21d300 .concat [ 32 1 0 0], L_000002c37b21da80, L_000002c37b221438;
L_000002c37b21e7a0 .concat [ 32 1 0 0], L_000002c37b21e160, L_000002c37b221480;
L_000002c37b21d3a0 .arith/sum 33, L_000002c37b21d300, L_000002c37b21e7a0;
L_000002c37b21e840 .concat [ 32 1 0 0], L_000002c37b21da80, L_000002c37b2214c8;
L_000002c37b21e8e0 .concat [ 32 1 0 0], L_000002c37b21e160, L_000002c37b221510;
L_000002c37b21d440 .arith/sum 33, L_000002c37b279680, L_000002c37b221558;
L_000002c37b21e980 .arith/sum 33, L_000002c37b21e840, L_000002c37b21d440;
L_000002c37b220be0 .functor MUXZ 33, L_000002c37b21e980, L_000002c37b21d3a0, L_000002c37b279f40, C4<>;
L_000002c37b21f920 .cmp/eq 3, L_000002c37b27e680, L_000002c37b2215a0;
L_000002c37b2208c0 .cmp/eq 3, L_000002c37b27e680, L_000002c37b2215e8;
L_000002c37b220280 .cmp/eq 3, L_000002c37b27e680, L_000002c37b221630;
L_000002c37b220dc0 .cmp/eq 3, L_000002c37b27e680, L_000002c37b221678;
L_000002c37b220c80 .cmp/eq 3, L_000002c37b27e680, L_000002c37b2216c0;
L_000002c37b220140 .part L_000002c37b21d260, 31, 1;
L_000002c37b21fb00 .concat [ 1 31 0 0], L_000002c37b220140, L_000002c37b221708;
L_000002c37b21fba0 .functor MUXZ 32, L_000002c37b221750, L_000002c37b21fb00, L_000002c37b220c80, C4<>;
L_000002c37b21fd80 .functor MUXZ 32, L_000002c37b21fba0, L_000002c37b27a020, L_000002c37b220dc0, C4<>;
L_000002c37b220d20 .functor MUXZ 32, L_000002c37b21fd80, L_000002c37b279b50, L_000002c37b220280, C4<>;
L_000002c37b21fce0 .functor MUXZ 32, L_000002c37b220d20, L_000002c37b21d260, L_000002c37b2208c0, C4<>;
L_000002c37b21fc40 .functor MUXZ 32, L_000002c37b21fce0, L_000002c37b21d260, L_000002c37b21f920, C4<>;
L_000002c37b220f00 .part L_000002c37b21d260, 31, 1;
L_000002c37b21ff60 .part L_000002c37b21da80, 31, 1;
L_000002c37b220b40 .part L_000002c37b27e680, 0, 1;
L_000002c37b220500 .part L_000002c37b21e160, 31, 1;
L_000002c37b220e60 .part L_000002c37b21da80, 31, 1;
L_000002c37b220fa0 .part L_000002c37b27e680, 1, 1;
L_000002c37b21fe20 .part L_000002c37b27e680, 1, 1;
L_000002c37b220a00 .reduce/and L_000002c37b279990;
L_000002c37b21f9c0 .part L_000002c37b21fc40, 31, 1;
S_000002c37b1054a0 .scope module, "Control_Unit_Top" "Control_Unit_Top" 3 55, 5 1 0, S_000002c37b0b2490;
 .timescale 0 0;
    .port_info 0 /INPUT 7 "Op";
    .port_info 1 /OUTPUT 1 "RegWrite";
    .port_info 2 /OUTPUT 2 "ImmSrc";
    .port_info 3 /OUTPUT 1 "ALUSrc";
    .port_info 4 /OUTPUT 1 "MemWrite";
    .port_info 5 /OUTPUT 1 "ResultSrc";
    .port_info 6 /OUTPUT 1 "Branch";
    .port_info 7 /INPUT 3 "funct3";
    .port_info 8 /INPUT 7 "funct7";
    .port_info 9 /OUTPUT 3 "ALUControl";
v000002c37b219f80_0 .net "ALUControl", 2 0, L_000002c37b27e680;  alias, 1 drivers
v000002c37b218d60_0 .net "ALUOp", 1 0, L_000002c37b27ecc0;  1 drivers
v000002c37b219ee0_0 .net "ALUSrc", 0 0, L_000002c37b220960;  alias, 1 drivers
v000002c37b218360_0 .net "Branch", 0 0, L_000002c37b27eb80;  1 drivers
v000002c37b219e40_0 .net "ImmSrc", 1 0, L_000002c37b2201e0;  alias, 1 drivers
v000002c37b218b80_0 .net "MemWrite", 0 0, L_000002c37b220780;  alias, 1 drivers
v000002c37b2199e0_0 .net "Op", 6 0, L_000002c37b27fc60;  1 drivers
v000002c37b218220_0 .net "RegWrite", 0 0, L_000002c37b220000;  alias, 1 drivers
v000002c37b2185e0_0 .net "ResultSrc", 0 0, L_000002c37b220aa0;  alias, 1 drivers
v000002c37b2182c0_0 .net "funct3", 2 0, L_000002c37b27f300;  1 drivers
v000002c37b219a80_0 .net "funct7", 6 0, L_000002c37b2808e0;  1 drivers
S_000002c37b0ffc50 .scope module, "ALU_Decoder" "ALU_Decoder" 5 18, 6 1 0, S_000002c37b1054a0;
 .timescale 0 0;
    .port_info 0 /INPUT 2 "ALUOp";
    .port_info 1 /INPUT 3 "funct3";
    .port_info 2 /INPUT 7 "funct7";
    .port_info 3 /INPUT 7 "op";
    .port_info 4 /OUTPUT 3 "ALUControl";
L_000002c37b279ca0 .functor AND 1, L_000002c37b280480, L_000002c37b27e4a0, C4<1>, C4<1>;
L_000002c37b279760 .functor AND 1, L_000002c37b279ca0, L_000002c37b27fd00, C4<1>, C4<1>;
L_000002c37b279450 .functor AND 1, L_000002c37b27f3a0, L_000002c37b27e400, C4<1>, C4<1>;
L_000002c37b279140 .functor AND 1, L_000002c37b279450, L_000002c37b280160, C4<1>, C4<1>;
L_000002c37b2794c0 .functor AND 1, L_000002c37b27ea40, L_000002c37b27e5e0, C4<1>, C4<1>;
L_000002c37b2797d0 .functor AND 1, L_000002c37b27ec20, L_000002c37b27fee0, C4<1>, C4<1>;
L_000002c37b279220 .functor AND 1, L_000002c37b27e180, L_000002c37b280840, C4<1>, C4<1>;
v000002c37b198c00_0 .net "ALUControl", 2 0, L_000002c37b27e680;  alias, 1 drivers
v000002c37b1978a0_0 .net "ALUOp", 1 0, L_000002c37b27ecc0;  alias, 1 drivers
L_000002c37b221f30 .functor BUFT 1, C4<00>, C4<0>, C4<0>, C4<0>;
v000002c37b1991a0_0 .net/2u *"_ivl_0", 1 0, L_000002c37b221f30;  1 drivers
L_000002c37b222008 .functor BUFT 1, C4<001>, C4<0>, C4<0>, C4<0>;
v000002c37b1992e0_0 .net/2u *"_ivl_10", 2 0, L_000002c37b222008;  1 drivers
v000002c37b197440_0 .net *"_ivl_100", 2 0, L_000002c37b27f440;  1 drivers
v000002c37b197620_0 .net *"_ivl_102", 2 0, L_000002c37b27f4e0;  1 drivers
v000002c37b19a2b0_0 .net *"_ivl_104", 2 0, L_000002c37b280700;  1 drivers
v000002c37b19afd0_0 .net *"_ivl_106", 2 0, L_000002c37b27f620;  1 drivers
v000002c37b199810_0 .net *"_ivl_108", 2 0, L_000002c37b27ee00;  1 drivers
L_000002c37b222050 .functor BUFT 1, C4<10>, C4<0>, C4<0>, C4<0>;
v000002c37b19a490_0 .net/2u *"_ivl_12", 1 0, L_000002c37b222050;  1 drivers
v000002c37b19ac10_0 .net *"_ivl_14", 0 0, L_000002c37b280480;  1 drivers
L_000002c37b222098 .functor BUFT 1, C4<000>, C4<0>, C4<0>, C4<0>;
v000002c37b19af30_0 .net/2u *"_ivl_16", 2 0, L_000002c37b222098;  1 drivers
v000002c37b19aad0_0 .net *"_ivl_18", 0 0, L_000002c37b27e4a0;  1 drivers
v000002c37b1996d0_0 .net *"_ivl_2", 0 0, L_000002c37b27e900;  1 drivers
v000002c37b1998b0_0 .net *"_ivl_20", 0 0, L_000002c37b279ca0;  1 drivers
v000002c37b19a850_0 .net *"_ivl_23", 0 0, L_000002c37b27e7c0;  1 drivers
v000002c37b199630_0 .net *"_ivl_25", 0 0, L_000002c37b2802a0;  1 drivers
v000002c37b199450_0 .net *"_ivl_26", 1 0, L_000002c37b27ed60;  1 drivers
L_000002c37b2220e0 .functor BUFT 1, C4<11>, C4<0>, C4<0>, C4<0>;
v000002c37b19b1b0_0 .net/2u *"_ivl_28", 1 0, L_000002c37b2220e0;  1 drivers
v000002c37b1994f0_0 .net *"_ivl_30", 0 0, L_000002c37b27fd00;  1 drivers
v000002c37b19ab70_0 .net *"_ivl_32", 0 0, L_000002c37b279760;  1 drivers
L_000002c37b222128 .functor BUFT 1, C4<001>, C4<0>, C4<0>, C4<0>;
v000002c37b19aa30_0 .net/2u *"_ivl_34", 2 0, L_000002c37b222128;  1 drivers
L_000002c37b222170 .functor BUFT 1, C4<10>, C4<0>, C4<0>, C4<0>;
v000002c37b199ef0_0 .net/2u *"_ivl_36", 1 0, L_000002c37b222170;  1 drivers
v000002c37b19b250_0 .net *"_ivl_38", 0 0, L_000002c37b27f3a0;  1 drivers
L_000002c37b221f78 .functor BUFT 1, C4<000>, C4<0>, C4<0>, C4<0>;
v000002c37b19b070_0 .net/2u *"_ivl_4", 2 0, L_000002c37b221f78;  1 drivers
L_000002c37b2221b8 .functor BUFT 1, C4<000>, C4<0>, C4<0>, C4<0>;
v000002c37b19a710_0 .net/2u *"_ivl_40", 2 0, L_000002c37b2221b8;  1 drivers
v000002c37b19acb0_0 .net *"_ivl_42", 0 0, L_000002c37b27e400;  1 drivers
v000002c37b19a530_0 .net *"_ivl_44", 0 0, L_000002c37b279450;  1 drivers
v000002c37b19b110_0 .net *"_ivl_47", 0 0, L_000002c37b27e360;  1 drivers
v000002c37b19ad50_0 .net *"_ivl_49", 0 0, L_000002c37b2800c0;  1 drivers
v000002c37b19b2f0_0 .net *"_ivl_50", 1 0, L_000002c37b27e860;  1 drivers
L_000002c37b222200 .functor BUFT 1, C4<11>, C4<0>, C4<0>, C4<0>;
v000002c37b199590_0 .net/2u *"_ivl_52", 1 0, L_000002c37b222200;  1 drivers
v000002c37b199bd0_0 .net *"_ivl_54", 0 0, L_000002c37b280160;  1 drivers
v000002c37b199950_0 .net *"_ivl_56", 0 0, L_000002c37b279140;  1 drivers
L_000002c37b222248 .functor BUFT 1, C4<000>, C4<0>, C4<0>, C4<0>;
v000002c37b199770_0 .net/2u *"_ivl_58", 2 0, L_000002c37b222248;  1 drivers
L_000002c37b221fc0 .functor BUFT 1, C4<01>, C4<0>, C4<0>, C4<0>;
v000002c37b1999f0_0 .net/2u *"_ivl_6", 1 0, L_000002c37b221fc0;  1 drivers
L_000002c37b222290 .functor BUFT 1, C4<10>, C4<0>, C4<0>, C4<0>;
v000002c37b199a90_0 .net/2u *"_ivl_60", 1 0, L_000002c37b222290;  1 drivers
v000002c37b199d10_0 .net *"_ivl_62", 0 0, L_000002c37b27ea40;  1 drivers
L_000002c37b2222d8 .functor BUFT 1, C4<010>, C4<0>, C4<0>, C4<0>;
v000002c37b19ae90_0 .net/2u *"_ivl_64", 2 0, L_000002c37b2222d8;  1 drivers
v000002c37b19a3f0_0 .net *"_ivl_66", 0 0, L_000002c37b27e5e0;  1 drivers
v000002c37b199b30_0 .net *"_ivl_68", 0 0, L_000002c37b2794c0;  1 drivers
L_000002c37b222320 .functor BUFT 1, C4<101>, C4<0>, C4<0>, C4<0>;
v000002c37b19a0d0_0 .net/2u *"_ivl_70", 2 0, L_000002c37b222320;  1 drivers
L_000002c37b222368 .functor BUFT 1, C4<10>, C4<0>, C4<0>, C4<0>;
v000002c37b19a670_0 .net/2u *"_ivl_72", 1 0, L_000002c37b222368;  1 drivers
v000002c37b19a170_0 .net *"_ivl_74", 0 0, L_000002c37b27ec20;  1 drivers
L_000002c37b2223b0 .functor BUFT 1, C4<110>, C4<0>, C4<0>, C4<0>;
v000002c37b199c70_0 .net/2u *"_ivl_76", 2 0, L_000002c37b2223b0;  1 drivers
v000002c37b19adf0_0 .net *"_ivl_78", 0 0, L_000002c37b27fee0;  1 drivers
v000002c37b19a350_0 .net *"_ivl_8", 0 0, L_000002c37b27fb20;  1 drivers
v000002c37b199db0_0 .net *"_ivl_80", 0 0, L_000002c37b2797d0;  1 drivers
L_000002c37b2223f8 .functor BUFT 1, C4<011>, C4<0>, C4<0>, C4<0>;
v000002c37b19a7b0_0 .net/2u *"_ivl_82", 2 0, L_000002c37b2223f8;  1 drivers
L_000002c37b222440 .functor BUFT 1, C4<10>, C4<0>, C4<0>, C4<0>;
v000002c37b19a5d0_0 .net/2u *"_ivl_84", 1 0, L_000002c37b222440;  1 drivers
v000002c37b19a8f0_0 .net *"_ivl_86", 0 0, L_000002c37b27e180;  1 drivers
L_000002c37b222488 .functor BUFT 1, C4<111>, C4<0>, C4<0>, C4<0>;
v000002c37b199e50_0 .net/2u *"_ivl_88", 2 0, L_000002c37b222488;  1 drivers
v000002c37b199f90_0 .net *"_ivl_90", 0 0, L_000002c37b280840;  1 drivers
v000002c37b19a030_0 .net *"_ivl_92", 0 0, L_000002c37b279220;  1 drivers
L_000002c37b2224d0 .functor BUFT 1, C4<010>, C4<0>, C4<0>, C4<0>;
v000002c37b19a210_0 .net/2u *"_ivl_94", 2 0, L_000002c37b2224d0;  1 drivers
L_000002c37b222518 .functor BUFT 1, C4<000>, C4<0>, C4<0>, C4<0>;
v000002c37b19a990_0 .net/2u *"_ivl_96", 2 0, L_000002c37b222518;  1 drivers
v000002c37b19c220_0 .net *"_ivl_98", 2 0, L_000002c37b27f260;  1 drivers
v000002c37b19b6e0_0 .net "funct3", 2 0, L_000002c37b27f300;  alias, 1 drivers
v000002c37b19c900_0 .net "funct7", 6 0, L_000002c37b2808e0;  alias, 1 drivers
v000002c37b19b960_0 .net "op", 6 0, L_000002c37b27fc60;  alias, 1 drivers
L_000002c37b27e900 .cmp/eq 2, L_000002c37b27ecc0, L_000002c37b221f30;
L_000002c37b27fb20 .cmp/eq 2, L_000002c37b27ecc0, L_000002c37b221fc0;
L_000002c37b280480 .cmp/eq 2, L_000002c37b27ecc0, L_000002c37b222050;
L_000002c37b27e4a0 .cmp/eq 3, L_000002c37b27f300, L_000002c37b222098;
L_000002c37b27e7c0 .part L_000002c37b27fc60, 5, 1;
L_000002c37b2802a0 .part L_000002c37b2808e0, 5, 1;
L_000002c37b27ed60 .concat [ 1 1 0 0], L_000002c37b2802a0, L_000002c37b27e7c0;
L_000002c37b27fd00 .cmp/eq 2, L_000002c37b27ed60, L_000002c37b2220e0;
L_000002c37b27f3a0 .cmp/eq 2, L_000002c37b27ecc0, L_000002c37b222170;
L_000002c37b27e400 .cmp/eq 3, L_000002c37b27f300, L_000002c37b2221b8;
L_000002c37b27e360 .part L_000002c37b27fc60, 5, 1;
L_000002c37b2800c0 .part L_000002c37b2808e0, 5, 1;
L_000002c37b27e860 .concat [ 1 1 0 0], L_000002c37b2800c0, L_000002c37b27e360;
L_000002c37b280160 .cmp/ne 2, L_000002c37b27e860, L_000002c37b222200;
L_000002c37b27ea40 .cmp/eq 2, L_000002c37b27ecc0, L_000002c37b222290;
L_000002c37b27e5e0 .cmp/eq 3, L_000002c37b27f300, L_000002c37b2222d8;
L_000002c37b27ec20 .cmp/eq 2, L_000002c37b27ecc0, L_000002c37b222368;
L_000002c37b27fee0 .cmp/eq 3, L_000002c37b27f300, L_000002c37b2223b0;
L_000002c37b27e180 .cmp/eq 2, L_000002c37b27ecc0, L_000002c37b222440;
L_000002c37b280840 .cmp/eq 3, L_000002c37b27f300, L_000002c37b222488;
L_000002c37b27f260 .functor MUXZ 3, L_000002c37b222518, L_000002c37b2224d0, L_000002c37b279220, C4<>;
L_000002c37b27f440 .functor MUXZ 3, L_000002c37b27f260, L_000002c37b2223f8, L_000002c37b2797d0, C4<>;
L_000002c37b27f4e0 .functor MUXZ 3, L_000002c37b27f440, L_000002c37b222320, L_000002c37b2794c0, C4<>;
L_000002c37b280700 .functor MUXZ 3, L_000002c37b27f4e0, L_000002c37b222248, L_000002c37b279140, C4<>;
L_000002c37b27f620 .functor MUXZ 3, L_000002c37b280700, L_000002c37b222128, L_000002c37b279760, C4<>;
L_000002c37b27ee00 .functor MUXZ 3, L_000002c37b27f620, L_000002c37b222008, L_000002c37b27fb20, C4<>;
L_000002c37b27e680 .functor MUXZ 3, L_000002c37b27ee00, L_000002c37b221f78, L_000002c37b27e900, C4<>;
S_000002c37b0f6e20 .scope module, "Main_Decoder" "Main_Decoder" 5 8, 7 1 0, S_000002c37b1054a0;
 .timescale 0 0;
    .port_info 0 /INPUT 7 "Op";
    .port_info 1 /OUTPUT 1 "RegWrite";
    .port_info 2 /OUTPUT 2 "ImmSrc";
    .port_info 3 /OUTPUT 1 "ALUSrc";
    .port_info 4 /OUTPUT 1 "MemWrite";
    .port_info 5 /OUTPUT 1 "ResultSrc";
    .port_info 6 /OUTPUT 1 "Branch";
    .port_info 7 /OUTPUT 2 "ALUOp";
L_000002c37b2793e0 .functor OR 1, L_000002c37b21fec0, L_000002c37b220460, C4<0>, C4<0>;
L_000002c37b279e60 .functor OR 1, L_000002c37b220320, L_000002c37b220640, C4<0>, C4<0>;
v000002c37b19bc80_0 .net "ALUOp", 1 0, L_000002c37b27ecc0;  alias, 1 drivers
v000002c37b19b780_0 .net "ALUSrc", 0 0, L_000002c37b220960;  alias, 1 drivers
v000002c37b19b820_0 .net "Branch", 0 0, L_000002c37b27eb80;  alias, 1 drivers
v000002c37b19d120_0 .net "ImmSrc", 1 0, L_000002c37b2201e0;  alias, 1 drivers
v000002c37b19cae0_0 .net "MemWrite", 0 0, L_000002c37b220780;  alias, 1 drivers
v000002c37b19baa0_0 .net "Op", 6 0, L_000002c37b27fc60;  alias, 1 drivers
v000002c37b19d080_0 .net "RegWrite", 0 0, L_000002c37b220000;  alias, 1 drivers
v000002c37b19cc20_0 .net "ResultSrc", 0 0, L_000002c37b220aa0;  alias, 1 drivers
L_000002c37b221798 .functor BUFT 1, C4<0000011>, C4<0>, C4<0>, C4<0>;
v000002c37b19c360_0 .net/2u *"_ivl_0", 6 0, L_000002c37b221798;  1 drivers
L_000002c37b221828 .functor BUFT 1, C4<1>, C4<0>, C4<0>, C4<0>;
v000002c37b19ba00_0 .net/2u *"_ivl_10", 0 0, L_000002c37b221828;  1 drivers
L_000002c37b221870 .functor BUFT 1, C4<0>, C4<0>, C4<0>, C4<0>;
v000002c37b19d1c0_0 .net/2u *"_ivl_12", 0 0, L_000002c37b221870;  1 drivers
L_000002c37b2218b8 .functor BUFT 1, C4<0100011>, C4<0>, C4<0>, C4<0>;
v000002c37b19cf40_0 .net/2u *"_ivl_16", 6 0, L_000002c37b2218b8;  1 drivers
v000002c37b19c4a0_0 .net *"_ivl_18", 0 0, L_000002c37b2200a0;  1 drivers
v000002c37b19cfe0_0 .net *"_ivl_2", 0 0, L_000002c37b21fec0;  1 drivers
L_000002c37b221900 .functor BUFT 1, C4<01>, C4<0>, C4<0>, C4<0>;
v000002c37b19c540_0 .net/2u *"_ivl_20", 1 0, L_000002c37b221900;  1 drivers
L_000002c37b221948 .functor BUFT 1, C4<1100011>, C4<0>, C4<0>, C4<0>;
v000002c37b19bbe0_0 .net/2u *"_ivl_22", 6 0, L_000002c37b221948;  1 drivers
v000002c37b19b8c0_0 .net *"_ivl_24", 0 0, L_000002c37b2205a0;  1 drivers
L_000002c37b221990 .functor BUFT 1, C4<10>, C4<0>, C4<0>, C4<0>;
v000002c37b19c400_0 .net/2u *"_ivl_26", 1 0, L_000002c37b221990;  1 drivers
L_000002c37b2219d8 .functor BUFT 1, C4<00>, C4<0>, C4<0>, C4<0>;
v000002c37b19bdc0_0 .net/2u *"_ivl_28", 1 0, L_000002c37b2219d8;  1 drivers
v000002c37b19c180_0 .net *"_ivl_30", 1 0, L_000002c37b2203c0;  1 drivers
L_000002c37b221a20 .functor BUFT 1, C4<0000011>, C4<0>, C4<0>, C4<0>;
v000002c37b19b460_0 .net/2u *"_ivl_34", 6 0, L_000002c37b221a20;  1 drivers
v000002c37b19d260_0 .net *"_ivl_36", 0 0, L_000002c37b220320;  1 drivers
L_000002c37b221a68 .functor BUFT 1, C4<0100011>, C4<0>, C4<0>, C4<0>;
v000002c37b19c5e0_0 .net/2u *"_ivl_38", 6 0, L_000002c37b221a68;  1 drivers
L_000002c37b2217e0 .functor BUFT 1, C4<0110011>, C4<0>, C4<0>, C4<0>;
v000002c37b19ca40_0 .net/2u *"_ivl_4", 6 0, L_000002c37b2217e0;  1 drivers
v000002c37b19c9a0_0 .net *"_ivl_40", 0 0, L_000002c37b220640;  1 drivers
v000002c37b19be60_0 .net *"_ivl_42", 0 0, L_000002c37b279e60;  1 drivers
L_000002c37b221ab0 .functor BUFT 1, C4<1>, C4<0>, C4<0>, C4<0>;
v000002c37b19b5a0_0 .net/2u *"_ivl_44", 0 0, L_000002c37b221ab0;  1 drivers
L_000002c37b221af8 .functor BUFT 1, C4<0>, C4<0>, C4<0>, C4<0>;
v000002c37b19cea0_0 .net/2u *"_ivl_46", 0 0, L_000002c37b221af8;  1 drivers
L_000002c37b221b40 .functor BUFT 1, C4<0100011>, C4<0>, C4<0>, C4<0>;
v000002c37b19c680_0 .net/2u *"_ivl_50", 6 0, L_000002c37b221b40;  1 drivers
v000002c37b19ccc0_0 .net *"_ivl_52", 0 0, L_000002c37b2206e0;  1 drivers
L_000002c37b221b88 .functor BUFT 1, C4<1>, C4<0>, C4<0>, C4<0>;
v000002c37b19c720_0 .net/2u *"_ivl_54", 0 0, L_000002c37b221b88;  1 drivers
L_000002c37b221bd0 .functor BUFT 1, C4<0>, C4<0>, C4<0>, C4<0>;
v000002c37b19d300_0 .net/2u *"_ivl_56", 0 0, L_000002c37b221bd0;  1 drivers
v000002c37b19cd60_0 .net *"_ivl_6", 0 0, L_000002c37b220460;  1 drivers
L_000002c37b221c18 .functor BUFT 1, C4<0000011>, C4<0>, C4<0>, C4<0>;
v000002c37b19b500_0 .net/2u *"_ivl_60", 6 0, L_000002c37b221c18;  1 drivers
v000002c37b19ce00_0 .net *"_ivl_62", 0 0, L_000002c37b220820;  1 drivers
L_000002c37b221c60 .functor BUFT 1, C4<1>, C4<0>, C4<0>, C4<0>;
v000002c37b19bb40_0 .net/2u *"_ivl_64", 0 0, L_000002c37b221c60;  1 drivers
L_000002c37b221ca8 .functor BUFT 1, C4<0>, C4<0>, C4<0>, C4<0>;
v000002c37b19c2c0_0 .net/2u *"_ivl_66", 0 0, L_000002c37b221ca8;  1 drivers
L_000002c37b221cf0 .functor BUFT 1, C4<1100011>, C4<0>, C4<0>, C4<0>;
v000002c37b19bf00_0 .net/2u *"_ivl_70", 6 0, L_000002c37b221cf0;  1 drivers
v000002c37b19c7c0_0 .net *"_ivl_72", 0 0, L_000002c37b21fa60;  1 drivers
L_000002c37b221d38 .functor BUFT 1, C4<1>, C4<0>, C4<0>, C4<0>;
v000002c37b19bd20_0 .net/2u *"_ivl_74", 0 0, L_000002c37b221d38;  1 drivers
L_000002c37b221d80 .functor BUFT 1, C4<0>, C4<0>, C4<0>, C4<0>;
v000002c37b19bfa0_0 .net/2u *"_ivl_76", 0 0, L_000002c37b221d80;  1 drivers
v000002c37b19c860_0 .net *"_ivl_8", 0 0, L_000002c37b2793e0;  1 drivers
L_000002c37b221dc8 .functor BUFT 1, C4<0110011>, C4<0>, C4<0>, C4<0>;
v000002c37b19b640_0 .net/2u *"_ivl_80", 6 0, L_000002c37b221dc8;  1 drivers
v000002c37b19c040_0 .net *"_ivl_82", 0 0, L_000002c37b2807a0;  1 drivers
L_000002c37b221e10 .functor BUFT 1, C4<10>, C4<0>, C4<0>, C4<0>;
v000002c37b19c0e0_0 .net/2u *"_ivl_84", 1 0, L_000002c37b221e10;  1 drivers
L_000002c37b221e58 .functor BUFT 1, C4<1100011>, C4<0>, C4<0>, C4<0>;
v000002c37b19cb80_0 .net/2u *"_ivl_86", 6 0, L_000002c37b221e58;  1 drivers
v000002c37b219d00_0 .net *"_ivl_88", 0 0, L_000002c37b27e540;  1 drivers
L_000002c37b221ea0 .functor BUFT 1, C4<01>, C4<0>, C4<0>, C4<0>;
v000002c37b218680_0 .net/2u *"_ivl_90", 1 0, L_000002c37b221ea0;  1 drivers
L_000002c37b221ee8 .functor BUFT 1, C4<00>, C4<0>, C4<0>, C4<0>;
v000002c37b219120_0 .net/2u *"_ivl_92", 1 0, L_000002c37b221ee8;  1 drivers
v000002c37b218cc0_0 .net *"_ivl_94", 1 0, L_000002c37b280200;  1 drivers
L_000002c37b21fec0 .cmp/eq 7, L_000002c37b27fc60, L_000002c37b221798;
L_000002c37b220460 .cmp/eq 7, L_000002c37b27fc60, L_000002c37b2217e0;
L_000002c37b220000 .functor MUXZ 1, L_000002c37b221870, L_000002c37b221828, L_000002c37b2793e0, C4<>;
L_000002c37b2200a0 .cmp/eq 7, L_000002c37b27fc60, L_000002c37b2218b8;
L_000002c37b2205a0 .cmp/eq 7, L_000002c37b27fc60, L_000002c37b221948;
L_000002c37b2203c0 .functor MUXZ 2, L_000002c37b2219d8, L_000002c37b221990, L_000002c37b2205a0, C4<>;
L_000002c37b2201e0 .functor MUXZ 2, L_000002c37b2203c0, L_000002c37b221900, L_000002c37b2200a0, C4<>;
L_000002c37b220320 .cmp/eq 7, L_000002c37b27fc60, L_000002c37b221a20;
L_000002c37b220640 .cmp/eq 7, L_000002c37b27fc60, L_000002c37b221a68;
L_000002c37b220960 .functor MUXZ 1, L_000002c37b221af8, L_000002c37b221ab0, L_000002c37b279e60, C4<>;
L_000002c37b2206e0 .cmp/eq 7, L_000002c37b27fc60, L_000002c37b221b40;
L_000002c37b220780 .functor MUXZ 1, L_000002c37b221bd0, L_000002c37b221b88, L_000002c37b2206e0, C4<>;
L_000002c37b220820 .cmp/eq 7, L_000002c37b27fc60, L_000002c37b221c18;
L_000002c37b220aa0 .functor MUXZ 1, L_000002c37b221ca8, L_000002c37b221c60, L_000002c37b220820, C4<>;
L_000002c37b21fa60 .cmp/eq 7, L_000002c37b27fc60, L_000002c37b221cf0;
L_000002c37b27eb80 .functor MUXZ 1, L_000002c37b221d80, L_000002c37b221d38, L_000002c37b21fa60, C4<>;
L_000002c37b2807a0 .cmp/eq 7, L_000002c37b27fc60, L_000002c37b221dc8;
L_000002c37b27e540 .cmp/eq 7, L_000002c37b27fc60, L_000002c37b221e58;
L_000002c37b280200 .functor MUXZ 2, L_000002c37b221ee8, L_000002c37b221ea0, L_000002c37b27e540, C4<>;
L_000002c37b27ecc0 .functor MUXZ 2, L_000002c37b280200, L_000002c37b221e10, L_000002c37b2807a0, C4<>;
S_000002c37b10b690 .scope module, "Data_Memory" "Data_Memory" 3 67, 8 1 0, S_000002c37b0b2490;
 .timescale 0 0;
    .port_info 0 /INPUT 1 "clk";
    .port_info 1 /INPUT 1 "rst";
    .port_info 2 /INPUT 1 "WE";
    .port_info 3 /INPUT 32 "WD";
    .port_info 4 /INPUT 32 "A";
    .port_info 5 /OUTPUT 32 "RD";
L_000002c37b279d10 .functor NOT 1, v000002c37b21ef20_0, C4<0>, C4<0>, C4<0>;
v000002c37b2198a0_0 .net "A", 31 0, L_000002c37b21fc40;  alias, 1 drivers
v000002c37b2196c0_0 .net "RD", 31 0, L_000002c37b27fbc0;  alias, 1 drivers
v000002c37b218fe0_0 .net "WD", 31 0, L_000002c37b21f4c0;  alias, 1 drivers
v000002c37b219760_0 .net "WE", 0 0, L_000002c37b220780;  alias, 1 drivers
v000002c37b218400_0 .net *"_ivl_0", 0 0, L_000002c37b279d10;  1 drivers
L_000002c37b222560 .functor BUFT 1, C4<00000000000000000000000000000000>, C4<0>, C4<0>, C4<0>;
v000002c37b219b20_0 .net/2u *"_ivl_2", 31 0, L_000002c37b222560;  1 drivers
v000002c37b218e00_0 .net *"_ivl_4", 31 0, L_000002c37b27e220;  1 drivers
v000002c37b219080_0 .net "clk", 0 0, v000002c37b21eca0_0;  alias, 1 drivers
v000002c37b219da0 .array "mem", 0 1023, 31 0;
v000002c37b2189a0_0 .net "rst", 0 0, v000002c37b21ef20_0;  alias, 1 drivers
E_000002c37b12c7a0 .event posedge, v000002c37b219080_0;
L_000002c37b27e220 .array/port v000002c37b219da0, L_000002c37b21fc40;
L_000002c37b27fbc0 .functor MUXZ 32, L_000002c37b27e220, L_000002c37b222560, L_000002c37b279d10, C4<>;
S_000002c37b10b820 .scope module, "Instruction_Memory" "Instruction_Memory" 3 18, 9 1 0, S_000002c37b0b2490;
 .timescale 0 0;
    .port_info 0 /INPUT 1 "rst";
    .port_info 1 /INPUT 32 "A";
    .port_info 2 /OUTPUT 32 "RD";
L_000002c37b0f73d0 .functor NOT 1, v000002c37b21ef20_0, C4<0>, C4<0>, C4<0>;
v000002c37b218720_0 .net "A", 31 0, v000002c37b219940_0;  alias, 1 drivers
v000002c37b218ea0_0 .net "RD", 31 0, L_000002c37b21e340;  alias, 1 drivers
v000002c37b2180e0_0 .net *"_ivl_0", 0 0, L_000002c37b0f73d0;  1 drivers
L_000002c37b221120 .functor BUFT 1, C4<00000000000000000000000000000000>, C4<0>, C4<0>, C4<0>;
v000002c37b2184a0_0 .net/2u *"_ivl_2", 31 0, L_000002c37b221120;  1 drivers
v000002c37b218540_0 .net *"_ivl_4", 31 0, L_000002c37b21dd00;  1 drivers
v000002c37b219c60_0 .net *"_ivl_7", 29 0, L_000002c37b21d800;  1 drivers
v000002c37b218860 .array "mem", 0 1023, 31 0;
v000002c37b218180_0 .net "rst", 0 0, v000002c37b21ef20_0;  alias, 1 drivers
L_000002c37b21dd00 .array/port v000002c37b218860, L_000002c37b21d800;
L_000002c37b21d800 .part v000002c37b219940_0, 2, 30;
L_000002c37b21e340 .functor MUXZ 32, L_000002c37b21dd00, L_000002c37b221120, L_000002c37b0f73d0, C4<>;
S_000002c37b10da00 .scope module, "Mux_DataMemory_to_Register" "Mux" 3 75, 10 1 0, S_000002c37b0b2490;
 .timescale 0 0;
    .port_info 0 /INPUT 32 "a";
    .port_info 1 /INPUT 32 "b";
    .port_info 2 /INPUT 1 "s";
    .port_info 3 /OUTPUT 32 "c";
L_000002c37b279a00 .functor NOT 1, L_000002c37b220aa0, C4<0>, C4<0>, C4<0>;
v000002c37b2194e0_0 .net *"_ivl_0", 0 0, L_000002c37b279a00;  1 drivers
v000002c37b218ae0_0 .net "a", 31 0, L_000002c37b21fc40;  alias, 1 drivers
v000002c37b2187c0_0 .net "b", 31 0, L_000002c37b27fbc0;  alias, 1 drivers
v000002c37b219800_0 .net "c", 31 0, L_000002c37b27f580;  alias, 1 drivers
v000002c37b218900_0 .net "s", 0 0, L_000002c37b220aa0;  alias, 1 drivers
L_000002c37b27f580 .functor MUXZ 32, L_000002c37b27fbc0, L_000002c37b21fc40, L_000002c37b279a00, C4<>;
S_000002c37b10db90 .scope module, "Mux_Register_to_ALU" "Mux" 3 39, 10 1 0, S_000002c37b0b2490;
 .timescale 0 0;
    .port_info 0 /INPUT 32 "a";
    .port_info 1 /INPUT 32 "b";
    .port_info 2 /INPUT 1 "s";
    .port_info 3 /OUTPUT 32 "c";
L_000002c37b2796f0 .functor NOT 1, L_000002c37b220960, C4<0>, C4<0>, C4<0>;
v000002c37b218a40_0 .net *"_ivl_0", 0 0, L_000002c37b2796f0;  1 drivers
v000002c37b218c20_0 .net "a", 31 0, L_000002c37b21f4c0;  alias, 1 drivers
v000002c37b2193a0_0 .net "b", 31 0, L_000002c37b21e480;  alias, 1 drivers
v000002c37b219580_0 .net "c", 31 0, L_000002c37b21e160;  alias, 1 drivers
v000002c37b218f40_0 .net "s", 0 0, L_000002c37b220960;  alias, 1 drivers
L_000002c37b21e160 .functor MUXZ 32, L_000002c37b21e480, L_000002c37b21f4c0, L_000002c37b2796f0, C4<>;
S_000002c37b0f9fb0 .scope module, "PC" "PC_Module" 3 7, 11 1 0, S_000002c37b0b2490;
 .timescale 0 0;
    .port_info 0 /INPUT 1 "clk";
    .port_info 1 /INPUT 1 "rst";
    .port_info 2 /OUTPUT 32 "PC";
    .port_info 3 /INPUT 32 "PC_Next";
v000002c37b219940_0 .var "PC", 31 0;
v000002c37b2191c0_0 .net "PC_Next", 31 0, L_000002c37b21d120;  alias, 1 drivers
v000002c37b219260_0 .net "clk", 0 0, v000002c37b21eca0_0;  alias, 1 drivers
v000002c37b219300_0 .net "rst", 0 0, v000002c37b21ef20_0;  alias, 1 drivers
S_000002c37b0fa140 .scope module, "PC_Adder" "PC_Adder" 3 13, 12 1 0, S_000002c37b0b2490;
 .timescale 0 0;
    .port_info 0 /INPUT 32 "a";
    .port_info 1 /INPUT 32 "b";
    .port_info 2 /OUTPUT 32 "c";
v000002c37b219440_0 .net "a", 31 0, v000002c37b219940_0;  alias, 1 drivers
L_000002c37b2210d8 .functor BUFT 1, C4<00000000000000000000000000000100>, C4<0>, C4<0>, C4<0>;
v000002c37b219620_0 .net "b", 31 0, L_000002c37b2210d8;  1 drivers
v000002c37b219bc0_0 .net "c", 31 0, L_000002c37b21d120;  alias, 1 drivers
L_000002c37b21d120 .arith/sum 32, v000002c37b219940_0, L_000002c37b2210d8;
S_000002c37b0f07b0 .scope module, "Register_File" "Register_File" 3 23, 13 1 0, S_000002c37b0b2490;
 .timescale 0 0;
    .port_info 0 /INPUT 1 "clk";
    .port_info 1 /INPUT 1 "rst";
    .port_info 2 /INPUT 1 "WE3";
    .port_info 3 /INPUT 32 "WD3";
    .port_info 4 /INPUT 5 "A1";
    .port_info 5 /INPUT 5 "A2";
    .port_info 6 /INPUT 5 "A3";
    .port_info 7 /OUTPUT 32 "RD1";
    .port_info 8 /OUTPUT 32 "RD2";
L_000002c37b279a70 .functor NOT 1, v000002c37b21ef20_0, C4<0>, C4<0>, C4<0>;
L_000002c37b2791b0 .functor NOT 1, v000002c37b21ef20_0, C4<0>, C4<0>, C4<0>;
v000002c37b21a9b0_0 .net "A1", 4 0, L_000002c37b21f740;  1 drivers
v000002c37b21aa50_0 .net "A2", 4 0, L_000002c37b21e020;  1 drivers
v000002c37b21a550_0 .net "A3", 4 0, L_000002c37b21ed40;  1 drivers
v000002c37b21b310_0 .net "RD1", 31 0, L_000002c37b21da80;  alias, 1 drivers
v000002c37b21b810_0 .net "RD2", 31 0, L_000002c37b21f4c0;  alias, 1 drivers
v000002c37b21b3b0 .array "Register", 0 31, 31 0;
v000002c37b21bef0_0 .net "WD3", 31 0, L_000002c37b27f580;  alias, 1 drivers
v000002c37b21b090_0 .net "WE3", 0 0, L_000002c37b220000;  alias, 1 drivers
v000002c37b21bdb0_0 .net *"_ivl_0", 0 0, L_000002c37b279a70;  1 drivers
v000002c37b21a190_0 .net *"_ivl_12", 0 0, L_000002c37b2791b0;  1 drivers
L_000002c37b2211f8 .functor BUFT 1, C4<00000000000000000000000000000000>, C4<0>, C4<0>, C4<0>;
v000002c37b21ac30_0 .net/2u *"_ivl_14", 31 0, L_000002c37b2211f8;  1 drivers
v000002c37b21a910_0 .net *"_ivl_16", 31 0, L_000002c37b21ea20;  1 drivers
v000002c37b21b130_0 .net *"_ivl_18", 6 0, L_000002c37b21d8a0;  1 drivers
L_000002c37b221168 .functor BUFT 1, C4<00000000000000000000000000000000>, C4<0>, C4<0>, C4<0>;
v000002c37b21a870_0 .net/2u *"_ivl_2", 31 0, L_000002c37b221168;  1 drivers
L_000002c37b221240 .functor BUFT 1, C4<00>, C4<0>, C4<0>, C4<0>;
v000002c37b21ba90_0 .net *"_ivl_21", 1 0, L_000002c37b221240;  1 drivers
v000002c37b21b450_0 .net *"_ivl_4", 31 0, L_000002c37b21eac0;  1 drivers
v000002c37b21aaf0_0 .net *"_ivl_6", 6 0, L_000002c37b21ee80;  1 drivers
L_000002c37b2211b0 .functor BUFT 1, C4<00>, C4<0>, C4<0>, C4<0>;
v000002c37b21b1d0_0 .net *"_ivl_9", 1 0, L_000002c37b2211b0;  1 drivers
v000002c37b21bb30_0 .net "clk", 0 0, v000002c37b21eca0_0;  alias, 1 drivers
v000002c37b21a0f0_0 .net "rst", 0 0, v000002c37b21ef20_0;  alias, 1 drivers
L_000002c37b21eac0 .array/port v000002c37b21b3b0, L_000002c37b21ee80;
L_000002c37b21ee80 .concat [ 5 2 0 0], L_000002c37b21f740, L_000002c37b2211b0;
L_000002c37b21da80 .functor MUXZ 32, L_000002c37b21eac0, L_000002c37b221168, L_000002c37b279a70, C4<>;
L_000002c37b21ea20 .array/port v000002c37b21b3b0, L_000002c37b21d8a0;
L_000002c37b21d8a0 .concat [ 5 2 0 0], L_000002c37b21e020, L_000002c37b221240;
L_000002c37b21f4c0 .functor MUXZ 32, L_000002c37b21ea20, L_000002c37b2211f8, L_000002c37b2791b0, C4<>;
S_000002c37b0f0940 .scope module, "Sign_Extend" "Sign_Extend" 3 34, 14 1 0, S_000002c37b0b2490;
 .timescale 0 0;
    .port_info 0 /INPUT 32 "In";
    .port_info 1 /OUTPUT 32 "Imm_Ext";
    .port_info 2 /INPUT 2 "ImmSrc";
v000002c37b21ab90_0 .net "ImmSrc", 1 0, L_000002c37b2201e0;  alias, 1 drivers
v000002c37b21bd10_0 .net "Imm_Ext", 31 0, L_000002c37b21e480;  alias, 1 drivers
v000002c37b21a230_0 .net "In", 31 0, L_000002c37b21e340;  alias, 1 drivers
L_000002c37b221288 .functor BUFT 1, C4<00>, C4<0>, C4<0>, C4<0>;
v000002c37b21aeb0_0 .net/2u *"_ivl_0", 1 0, L_000002c37b221288;  1 drivers
v000002c37b21b4f0_0 .net *"_ivl_10", 31 0, L_000002c37b21e2a0;  1 drivers
L_000002c37b2212d0 .functor BUFT 1, C4<01>, C4<0>, C4<0>, C4<0>;
v000002c37b21a5f0_0 .net/2u *"_ivl_12", 1 0, L_000002c37b2212d0;  1 drivers
v000002c37b21aff0_0 .net *"_ivl_14", 0 0, L_000002c37b21ede0;  1 drivers
v000002c37b21acd0_0 .net *"_ivl_17", 0 0, L_000002c37b21f7e0;  1 drivers
v000002c37b21bbd0_0 .net *"_ivl_18", 19 0, L_000002c37b21f560;  1 drivers
v000002c37b21bc70_0 .net *"_ivl_2", 0 0, L_000002c37b21dbc0;  1 drivers
v000002c37b21a2d0_0 .net *"_ivl_21", 6 0, L_000002c37b21de40;  1 drivers
v000002c37b21bf90_0 .net *"_ivl_23", 4 0, L_000002c37b21f1a0;  1 drivers
v000002c37b21ad70_0 .net *"_ivl_24", 31 0, L_000002c37b21d580;  1 drivers
L_000002c37b221318 .functor BUFT 1, C4<10>, C4<0>, C4<0>, C4<0>;
v000002c37b21b630_0 .net/2u *"_ivl_26", 1 0, L_000002c37b221318;  1 drivers
v000002c37b21ae10_0 .net *"_ivl_28", 0 0, L_000002c37b21dee0;  1 drivers
v000002c37b21be50_0 .net *"_ivl_31", 0 0, L_000002c37b21f420;  1 drivers
v000002c37b21b770_0 .net *"_ivl_32", 19 0, L_000002c37b21f060;  1 drivers
v000002c37b21a730_0 .net *"_ivl_35", 0 0, L_000002c37b21f2e0;  1 drivers
v000002c37b21a370_0 .net *"_ivl_37", 5 0, L_000002c37b21df80;  1 drivers
v000002c37b21a690_0 .net *"_ivl_39", 3 0, L_000002c37b21f600;  1 drivers
L_000002c37b221360 .functor BUFT 1, C4<0>, C4<0>, C4<0>, C4<0>;
v000002c37b21a410_0 .net/2u *"_ivl_40", 0 0, L_000002c37b221360;  1 drivers
v000002c37b21b590_0 .net *"_ivl_42", 31 0, L_000002c37b21e0c0;  1 drivers
L_000002c37b2213a8 .functor BUFT 1, C4<00000000000000000000000000000000>, C4<0>, C4<0>, C4<0>;
v000002c37b21a4b0_0 .net/2u *"_ivl_44", 31 0, L_000002c37b2213a8;  1 drivers
v000002c37b21af50_0 .net *"_ivl_46", 31 0, L_000002c37b21e5c0;  1 drivers
v000002c37b21a7d0_0 .net *"_ivl_48", 31 0, L_000002c37b21d1c0;  1 drivers
v000002c37b21b6d0_0 .net *"_ivl_5", 0 0, L_000002c37b21f880;  1 drivers
v000002c37b21b8b0_0 .net *"_ivl_6", 19 0, L_000002c37b21f240;  1 drivers
v000002c37b21b950_0 .net *"_ivl_9", 11 0, L_000002c37b21dda0;  1 drivers
L_000002c37b21dbc0 .cmp/eq 2, L_000002c37b2201e0, L_000002c37b221288;
L_000002c37b21f880 .part L_000002c37b21e340, 31, 1;
LS_000002c37b21f240_0_0 .concat [ 1 1 1 1], L_000002c37b21f880, L_000002c37b21f880, L_000002c37b21f880, L_000002c37b21f880;
LS_000002c37b21f240_0_4 .concat [ 1 1 1 1], L_000002c37b21f880, L_000002c37b21f880, L_000002c37b21f880, L_000002c37b21f880;
LS_000002c37b21f240_0_8 .concat [ 1 1 1 1], L_000002c37b21f880, L_000002c37b21f880, L_000002c37b21f880, L_000002c37b21f880;
LS_000002c37b21f240_0_12 .concat [ 1 1 1 1], L_000002c37b21f880, L_000002c37b21f880, L_000002c37b21f880, L_000002c37b21f880;
LS_000002c37b21f240_0_16 .concat [ 1 1 1 1], L_000002c37b21f880, L_000002c37b21f880, L_000002c37b21f880, L_000002c37b21f880;
LS_000002c37b21f240_1_0 .concat [ 4 4 4 4], LS_000002c37b21f240_0_0, LS_000002c37b21f240_0_4, LS_000002c37b21f240_0_8, LS_000002c37b21f240_0_12;
LS_000002c37b21f240_1_4 .concat [ 4 0 0 0], LS_000002c37b21f240_0_16;
L_000002c37b21f240 .concat [ 16 4 0 0], LS_000002c37b21f240_1_0, LS_000002c37b21f240_1_4;
L_000002c37b21dda0 .part L_000002c37b21e340, 20, 12;
L_000002c37b21e2a0 .concat [ 12 20 0 0], L_000002c37b21dda0, L_000002c37b21f240;
L_000002c37b21ede0 .cmp/eq 2, L_000002c37b2201e0, L_000002c37b2212d0;
L_000002c37b21f7e0 .part L_000002c37b21e340, 31, 1;
LS_000002c37b21f560_0_0 .concat [ 1 1 1 1], L_000002c37b21f7e0, L_000002c37b21f7e0, L_000002c37b21f7e0, L_000002c37b21f7e0;
LS_000002c37b21f560_0_4 .concat [ 1 1 1 1], L_000002c37b21f7e0, L_000002c37b21f7e0, L_000002c37b21f7e0, L_000002c37b21f7e0;
LS_000002c37b21f560_0_8 .concat [ 1 1 1 1], L_000002c37b21f7e0, L_000002c37b21f7e0, L_000002c37b21f7e0, L_000002c37b21f7e0;
LS_000002c37b21f560_0_12 .concat [ 1 1 1 1], L_000002c37b21f7e0, L_000002c37b21f7e0, L_000002c37b21f7e0, L_000002c37b21f7e0;
LS_000002c37b21f560_0_16 .concat [ 1 1 1 1], L_000002c37b21f7e0, L_000002c37b21f7e0, L_000002c37b21f7e0, L_000002c37b21f7e0;
LS_000002c37b21f560_1_0 .concat [ 4 4 4 4], LS_000002c37b21f560_0_0, LS_000002c37b21f560_0_4, LS_000002c37b21f560_0_8, LS_000002c37b21f560_0_12;
LS_000002c37b21f560_1_4 .concat [ 4 0 0 0], LS_000002c37b21f560_0_16;
L_000002c37b21f560 .concat [ 16 4 0 0], LS_000002c37b21f560_1_0, LS_000002c37b21f560_1_4;
L_000002c37b21de40 .part L_000002c37b21e340, 25, 7;
L_000002c37b21f1a0 .part L_000002c37b21e340, 7, 5;
L_000002c37b21d580 .concat [ 5 7 20 0], L_000002c37b21f1a0, L_000002c37b21de40, L_000002c37b21f560;
L_000002c37b21dee0 .cmp/eq 2, L_000002c37b2201e0, L_000002c37b221318;
L_000002c37b21f420 .part L_000002c37b21e340, 31, 1;
LS_000002c37b21f060_0_0 .concat [ 1 1 1 1], L_000002c37b21f420, L_000002c37b21f420, L_000002c37b21f420, L_000002c37b21f420;
LS_000002c37b21f060_0_4 .concat [ 1 1 1 1], L_000002c37b21f420, L_000002c37b21f420, L_000002c37b21f420, L_000002c37b21f420;
LS_000002c37b21f060_0_8 .concat [ 1 1 1 1], L_000002c37b21f420, L_000002c37b21f420, L_000002c37b21f420, L_000002c37b21f420;
LS_000002c37b21f060_0_12 .concat [ 1 1 1 1], L_000002c37b21f420, L_000002c37b21f420, L_000002c37b21f420, L_000002c37b21f420;
LS_000002c37b21f060_0_16 .concat [ 1 1 1 1], L_000002c37b21f420, L_000002c37b21f420, L_000002c37b21f420, L_000002c37b21f420;
LS_000002c37b21f060_1_0 .concat [ 4 4 4 4], LS_000002c37b21f060_0_0, LS_000002c37b21f060_0_4, LS_000002c37b21f060_0_8, LS_000002c37b21f060_0_12;
LS_000002c37b21f060_1_4 .concat [ 4 0 0 0], LS_000002c37b21f060_0_16;
L_000002c37b21f060 .concat [ 16 4 0 0], LS_000002c37b21f060_1_0, LS_000002c37b21f060_1_4;
L_000002c37b21f2e0 .part L_000002c37b21e340, 7, 1;
L_000002c37b21df80 .part L_000002c37b21e340, 25, 6;
L_000002c37b21f600 .part L_000002c37b21e340, 8, 4;
LS_000002c37b21e0c0_0_0 .concat [ 1 4 6 1], L_000002c37b221360, L_000002c37b21f600, L_000002c37b21df80, L_000002c37b21f2e0;
LS_000002c37b21e0c0_0_4 .concat [ 20 0 0 0], L_000002c37b21f060;
L_000002c37b21e0c0 .concat [ 12 20 0 0], LS_000002c37b21e0c0_0_0, LS_000002c37b21e0c0_0_4;
L_000002c37b21e5c0 .functor MUXZ 32, L_000002c37b2213a8, L_000002c37b21e0c0, L_000002c37b21dee0, C4<>;
L_000002c37b21d1c0 .functor MUXZ 32, L_000002c37b21e5c0, L_000002c37b21d580, L_000002c37b21ede0, C4<>;
L_000002c37b21e480 .functor MUXZ 32, L_000002c37b21d1c0, L_000002c37b21e2a0, L_000002c37b21dbc0, C4<>;
    .scope S_000002c37b0f9fb0;
T_0 ;
    %wait E_000002c37b12c7a0;
    %load/vec4 v000002c37b219300_0;
    %inv;
    %flag_set/vec4 8;
    %jmp/0xz  T_0.0, 8;
    %pushi/vec4 0, 0, 32;
    %assign/vec4 v000002c37b219940_0, 0;
    %jmp T_0.1;
T_0.0 ;
    %load/vec4 v000002c37b2191c0_0;
    %assign/vec4 v000002c37b219940_0, 0;
T_0.1 ;
    %jmp T_0;
    .thread T_0;
    .scope S_000002c37b10b820;
T_1 ;
    %vpi_call 9 12 "$readmemh", "memfile.hex", v000002c37b218860 {0 0 0};
    %end;
    .thread T_1;
    .scope S_000002c37b0f07b0;
T_2 ;
    %wait E_000002c37b12c7a0;
    %load/vec4 v000002c37b21b090_0;
    %flag_set/vec4 8;
    %jmp/0xz  T_2.0, 8;
    %load/vec4 v000002c37b21bef0_0;
    %load/vec4 v000002c37b21a550_0;
    %pad/u 7;
    %ix/vec4 3;
    %ix/load 4, 0, 0; Constant delay
    %assign/vec4/a/d v000002c37b21b3b0, 0, 4;
T_2.0 ;
    %jmp T_2;
    .thread T_2;
    .scope S_000002c37b0f07b0;
T_3 ;
    %pushi/vec4 5, 0, 32;
    %ix/load 4, 5, 0;
    %flag_set/imm 4, 0;
    %store/vec4a v000002c37b21b3b0, 4, 0;
    %pushi/vec4 4, 0, 32;
    %ix/load 4, 6, 0;
    %flag_set/imm 4, 0;
    %store/vec4a v000002c37b21b3b0, 4, 0;
    %end;
    .thread T_3;
    .scope S_000002c37b10b690;
T_4 ;
    %wait E_000002c37b12c7a0;
    %load/vec4 v000002c37b219760_0;
    %flag_set/vec4 8;
    %jmp/0xz  T_4.0, 8;
    %load/vec4 v000002c37b218fe0_0;
    %ix/getv 3, v000002c37b2198a0_0;
    %ix/load 4, 0, 0; Constant delay
    %assign/vec4/a/d v000002c37b219da0, 0, 4;
T_4.0 ;
    %jmp T_4;
    .thread T_4;
    .scope S_000002c37b10b690;
T_5 ;
    %pushi/vec4 32, 0, 32;
    %ix/load 4, 28, 0;
    %flag_set/imm 4, 0;
    %store/vec4a v000002c37b219da0, 4, 0;
    %end;
    .thread T_5;
    .scope S_000002c37b146ef0;
T_6 ;
    %pushi/vec4 1, 0, 1;
    %store/vec4 v000002c37b21eca0_0, 0, 1;
    %end;
    .thread T_6;
    .scope S_000002c37b146ef0;
T_7 ;
    %vpi_call 2 10 "$dumpfile", "Single_Cycle.vcd" {0 0 0};
    %vpi_call 2 11 "$dumpvars", 32'sb00000000000000000000000000000000 {0 0 0};
    %end;
    .thread T_7;
    .scope S_000002c37b146ef0;
T_8 ;
    %load/vec4 v000002c37b21eca0_0;
    %inv;
    %store/vec4 v000002c37b21eca0_0, 0, 1;
    %delay 50, 0;
    %jmp T_8;
    .thread T_8;
    .scope S_000002c37b146ef0;
T_9 ;
    %pushi/vec4 0, 0, 1;
    %assign/vec4 v000002c37b21ef20_0, 0;
    %delay 150, 0;
    %pushi/vec4 1, 0, 1;
    %assign/vec4 v000002c37b21ef20_0, 0;
    %delay 450, 0;
    %vpi_call 2 24 "$finish" {0 0 0};
    %end;
    .thread T_9;
# The file index is used to find the file name in the following table.
:file_names 15;
    "N/A";
    "<interactive>";
    "Single_Cycle_Top_Tb.v";
    "Single_Cycle_Top.v";
    "ALU.v";
    "Control_Unit_Top.v";
    "ALU_Decoder.v";
    "Main_Decoder.v";
    "Data_Memory.v";
    "Instruction_Memory.v";
    "Mux.v";
    "PC_Module.v";
    "PC_Adder.v";
    "Register_File.v";
    "Sign_Extend.v";
